Last login: Fri Nov 19 02:41:18 on ttys004
sxy@xinyis-MBP ~ % scp -r /Users/sxy/Desktop/csc343p/2001-2021InterestRt.csv     songxi24@dbsrv1.teach.cs.toronto.edu:~/csc343p/
songxi24@dbsrv1.teach.cs.toronto.edu's password: 
2001-2021InterestRt.csv                       100% 6269   145.3KB/s   00:00    
sxy@xinyis-MBP ~ % sh teachcs_db

    Type "faq" to view FAQ, and "rules" to view usage policy.
    Report system problems by sending email to <sysadmin@teach.cs.toronto.edu>.

The Teaching Labs are: BA2200 BA2210 BA2220 BA2240 BA2270 BA3175 BA3185 BA3195 BA3200

FALL 2021 Teaching Labs updates available https://www.teach.cs.toronto.edu/fall2021

This is a shared Linux system. By using this system, you acknowledge that
some information about your computer account (e.g. login name, process data,
etc.) will be available to other users sharing this system, in ways 
typical of shared Linux systems.  

Last login: Fri Nov 19 02:53:24 2021 from bras-base-ckvlon1754w-grc-05-184-146-7-70.dsl.bell.ca
dbsrv1:~$ cd csc343p
dbsrv1:~/csc343p$ ls
2001-2021HouseholdDTI.csv  2001-2021InterestRt.csv      intermediate.sql
2001-2021HousingPI.csv     2001-2021UnemploymentRt.csv  schema.ddl
dbsrv1:~/csc343p$ psql csc343h-songxi24
psql (10.19 (Ubuntu 10.19-0ubuntu0.18.04.1), server 10.18 (Ubuntu 10.18-0ubuntu0.18.04.1))
Type "help" for help.

csc343h-songxi24=> ls
csc343h-songxi24-> ;
ERROR:  syntax error at or near "ls"
LINE 1: ls
        ^
csc343h-songxi24=> \i schema.ddl
psql:schema.ddl:1: NOTICE:  drop cascades to 8 other objects
DETAIL:  drop cascades to table projectschema.housingpi
drop cascades to table projectschema.unemploymentrt
drop cascades to table projectschema.interestrt
drop cascades to table projectschema.householddti
drop cascades to table projectschema.housingpistaging
drop cascades to table projectschema.unemploymentrtstaging
drop cascades to table projectschema.interestrtstaging
drop cascades to table projectschema.householddtistaging
DROP SCHEMA
CREATE SCHEMA
SET
CREATE TABLE
CREATE TABLE
CREATE TABLE
CREATE TABLE
csc343h-songxi24=> \i intermediate.sql
SET
psql:intermediate.sql:7: NOTICE:  schema "housingpistaging" does not exist, skipping
DROP SCHEMA
CREATE TABLE
psql:intermediate.sql:17: NOTICE:  schema "unemploymentrtstaging" does not exist, skipping
DROP SCHEMA
CREATE TABLE
psql:intermediate.sql:28: NOTICE:  schema "interestrtstaging" does not exist, skipping
DROP SCHEMA
CREATE TABLE
psql:intermediate.sql:38: NOTICE:  schema "householddtistaging" does not exist, skipping
DROP SCHEMA
CREATE TABLE
COPY 248
COPY 248
COPY 253
COPY 82
INSERT 0 248
INSERT 0 82
psql:intermediate.sql:65: ERROR:  duplicate key value violates unique constraint "interestrt_pkey"
DETAIL:  Key (date)=(2008-03) already exists.
INSERT 0 248
csc343h-songxi24=> \q
dbsrv1:~/csc343p$ exit
logout
Connection to dbsrv1.teach.cs.toronto.edu closed.
sxy@xinyis-MBP ~ % scp -r /Users/sxy/Desktop/csc343p/2001-2021InterestRt.csv     songxi24@dbsrv1.teach.cs.toronto.edu:~/csc343p/
songxi24@dbsrv1.teach.cs.toronto.edu's password: 
2001-2021InterestRt.csv                       100% 6170   134.3KB/s   00:00    
sxy@xinyis-MBP ~ % sh teachcs_db

    Type "faq" to view FAQ, and "rules" to view usage policy.
    Report system problems by sending email to <sysadmin@teach.cs.toronto.edu>.

The Teaching Labs are: BA2200 BA2210 BA2220 BA2240 BA2270 BA3175 BA3185 BA3195 BA3200

FALL 2021 Teaching Labs updates available https://www.teach.cs.toronto.edu/fall2021

This is a shared Linux system. By using this system, you acknowledge that
some information about your computer account (e.g. login name, process data,
etc.) will be available to other users sharing this system, in ways 
typical of shared Linux systems.  

Last login: Fri Nov 19 02:54:30 2021 from bras-base-ckvlon1754w-grc-05-184-146-7-70.dsl.bell.ca
dbsrv1:~$ cd csc343p
dbsrv1:~/csc343p$ psql csc343h-songxi24
psql (10.19 (Ubuntu 10.19-0ubuntu0.18.04.1), server 10.18 (Ubuntu 10.18-0ubuntu0.18.04.1))
Type "help" for help.

csc343h-songxi24=> \i schema.ddl
psql:schema.ddl:1: NOTICE:  drop cascades to 8 other objects
DETAIL:  drop cascades to table projectschema.housingpi
drop cascades to table projectschema.unemploymentrt
drop cascades to table projectschema.interestrt
drop cascades to table projectschema.householddti
drop cascades to table projectschema.housingpistaging
drop cascades to table projectschema.unemploymentrtstaging
drop cascades to table projectschema.interestrtstaging
drop cascades to table projectschema.householddtistaging
DROP SCHEMA
CREATE SCHEMA
SET
CREATE TABLE
CREATE TABLE
CREATE TABLE
CREATE TABLE
csc343h-songxi24=> \i intermediate.sql
SET
psql:intermediate.sql:7: NOTICE:  schema "housingpistaging" does not exist, skipping
DROP SCHEMA
CREATE TABLE
psql:intermediate.sql:17: NOTICE:  schema "unemploymentrtstaging" does not exist, skipping
DROP SCHEMA
CREATE TABLE
psql:intermediate.sql:28: NOTICE:  schema "interestrtstaging" does not exist, skipping
DROP SCHEMA
CREATE TABLE
psql:intermediate.sql:38: NOTICE:  schema "householddtistaging" does not exist, skipping
DROP SCHEMA
CREATE TABLE
COPY 248
COPY 248
COPY 249
COPY 82
INSERT 0 248
INSERT 0 82
psql:intermediate.sql:65: ERROR:  insert or update on table "interestrt" violates foreign key constraint "interestrt_date_fkey"
DETAIL:  Key (date)=(2021-09) is not present in table "housingpi".
INSERT 0 248
csc343h-songxi24=> \q
dbsrv1:~/csc343p$ exit
logout
Connection to dbsrv1.teach.cs.toronto.edu closed.
sxy@xinyis-MBP ~ % scp -r /Users/sxy/Desktop/csc343p/2001-2021InterestRt.csv     songxi24@dbsrv1.teach.cs.toronto.edu:~/csc343p/
songxi24@dbsrv1.teach.cs.toronto.edu's password: 
2001-2021InterestRt.csv                       100% 6144   110.1KB/s   00:00    
sxy@xinyis-MBP ~ % sh teachcs_db

    Type "faq" to view FAQ, and "rules" to view usage policy.
    Report system problems by sending email to <sysadmin@teach.cs.toronto.edu>.

The Teaching Labs are: BA2200 BA2210 BA2220 BA2240 BA2270 BA3175 BA3185 BA3195 BA3200

FALL 2021 Teaching Labs updates available https://www.teach.cs.toronto.edu/fall2021

This is a shared Linux system. By using this system, you acknowledge that
some information about your computer account (e.g. login name, process data,
etc.) will be available to other users sharing this system, in ways 
typical of shared Linux systems.  

Last login: Fri Nov 19 02:56:43 2021 from bras-base-ckvlon1754w-grc-05-184-146-7-70.dsl.bell.ca
dbsrv1:~$ cd csc343p
dbsrv1:~/csc343p$ psql csc343h-songxi24
psql (10.19 (Ubuntu 10.19-0ubuntu0.18.04.1), server 10.18 (Ubuntu 10.18-0ubuntu0.18.04.1))
Type "help" for help.

csc343h-songxi24=> \i schema.ddl
psql:schema.ddl:1: NOTICE:  drop cascades to 8 other objects
DETAIL:  drop cascades to table projectschema.housingpi
drop cascades to table projectschema.unemploymentrt
drop cascades to table projectschema.interestrt
drop cascades to table projectschema.householddti
drop cascades to table projectschema.housingpistaging
drop cascades to table projectschema.unemploymentrtstaging
drop cascades to table projectschema.interestrtstaging
drop cascades to table projectschema.householddtistaging
DROP SCHEMA
CREATE SCHEMA
SET
CREATE TABLE
CREATE TABLE
CREATE TABLE
CREATE TABLE
csc343h-songxi24=> \i intermediate.sql
SET
psql:intermediate.sql:7: NOTICE:  schema "housingpistaging" does not exist, skipping
DROP SCHEMA
CREATE TABLE
psql:intermediate.sql:17: NOTICE:  schema "unemploymentrtstaging" does not exist, skipping
DROP SCHEMA
CREATE TABLE
psql:intermediate.sql:28: NOTICE:  schema "interestrtstaging" does not exist, skipping
DROP SCHEMA
CREATE TABLE
psql:intermediate.sql:38: NOTICE:  schema "householddtistaging" does not exist, skipping
DROP SCHEMA
CREATE TABLE
COPY 248
COPY 248
COPY 248
COPY 82
INSERT 0 248
INSERT 0 82
INSERT 0 248
INSERT 0 248
csc343h-songxi24=> 
